// Jest Snapshot v1, https://goo.gl/fbAQLP

exports[`NoteItemComponents should render component 1`] = `ShallowWrapper {}`;
