// Jest Snapshot v1, https://goo.gl/fbAQLP

exports[`AddNoteComponent should render component 1`] = `ShallowWrapper {}`;
