// Jest Snapshot v1, https://goo.gl/fbAQLP

exports[`ArchievedNotesComponent should render component 1`] = `ShallowWrapper {}`;
