// Jest Snapshot v1, https://goo.gl/fbAQLP

exports[`EditNoteCompenent should render component 1`] = `ShallowWrapper {}`;
