// Jest Snapshot v1, https://goo.gl/fbAQLP

exports[`HeaderComponent should render component 1`] = `ShallowWrapper {}`;
