// Jest Snapshot v1, https://goo.gl/fbAQLP

exports[`NotesComponent should render component 1`] = `ShallowWrapper {}`;
