// Jest Snapshot v1, https://goo.gl/fbAQLP

exports[`SearchComponent should render component 1`] = `ShallowWrapper {}`;
